2026.05.03 00:51:19 INFO  Started: Metals version 1.6.7 in folders '/Users/barrysalam/Desktop/student-microservices' for client Visual Studio Code 1.108.2.[0m
2026.05.03 00:51:19 INFO  Memory monitor started[0m
2026.05.03 00:51:30 WARN  Using H2 2.4.240 which is newer than the version Flyway has been verified with. The latest verified version of H2 is 2.3.232.[0m
2026.05.03 00:51:46 WARN  no build target for: /Users/barrysalam/Desktop/student-microservices/eureka-server/src/test/java/com/studentmicroservices/eurekaserver/EurekaServerApplicationTests.java[0m
2026.05.03 00:51:46 WARN  no build target for: /Users/barrysalam/Desktop/student-microservices/eureka-server/src/main/java/com/studentmicroservices/eurekaserver/EurekaServerApplication.java[0m
mai 03, 2026 12:55:26 AM org.eclipse.lsp4j.jsonrpc.services.GenericEndpoint notify
INFOS: Unsupported notification method: $/setTrace
2026.05.03 01:20:02 WARN  no build target for: /Users/barrysalam/Desktop/student-microservices/eureka-server/src/main/java/com/studentmicroservices/eurekaserver/EurekaServerApplication.java[0m
2026.05.03 01:20:03 INFO  no build target found for /Users/barrysalam/Desktop/student-microservices/eureka-server/src/main/java/com/studentmicroservices/eurekaserver/EurekaServerApplication.java. Using fallback presentation compiler.[0m
2026.05.03 01:20:06 INFO  no build target found for /Users/barrysalam/Desktop/student-microservices/eureka-server/src/main/java/com/studentmicroservices/eurekaserver/EurekaServerApplication.java. Using fallback presentation compiler.[0m
2026.05.03 01:20:06 INFO  no build target found for /Users/barrysalam/Desktop/student-microservices/eureka-server/src/main/java/com/studentmicroservices/eurekaserver/EurekaServerApplication.java. Using fallback presentation compiler.[0m
mai 03, 2026 1:20:07 AM org.eclipse.lsp4j.jsonrpc.RemoteEndpoint handleCancellation
AVERTISSEMENT: Unmatched cancel notification for request id 6
2026.05.03 01:23:15 WARN  no build target for: /Users/barrysalam/Desktop/student-microservices/eureka-server/src/main/java/com/studentmicroservices/eurekaserver/EurekaServerApplication.java[0m
2026.05.03 01:24:30 WARN  no build target for: /Users/barrysalam/Desktop/student-microservices/eureka-server/src/main/java/com/studentmicroservices/eurekaserver/EurekaServerApplication.java[0m
2026.05.03 01:27:12 INFO  no build target found for /Users/barrysalam/Desktop/student-microservices/eureka-server/src/main/java/com/studentmicroservices/eurekaserver/EurekaServerApplication.java. Using fallback presentation compiler.[0m
2026.05.03 01:27:12 INFO  no build target found for /Users/barrysalam/Desktop/student-microservices/eureka-server/src/main/java/com/studentmicroservices/eurekaserver/EurekaServerApplication.java. Using fallback presentation compiler.[0m
2026.05.03 01:27:12 INFO  no build target found for /Users/barrysalam/Desktop/student-microservices/eureka-server/src/main/java/com/studentmicroservices/eurekaserver/EurekaServerApplication.java. Using fallback presentation compiler.[0m
mai 03, 2026 1:27:16 AM org.eclipse.lsp4j.jsonrpc.RemoteEndpoint handleCancellation
AVERTISSEMENT: Unmatched cancel notification for request id 14
2026.05.03 01:27:16 INFO  no build target found for /Users/barrysalam/Desktop/student-microservices/eureka-server/src/main/java/com/studentmicroservices/eurekaserver/EurekaServerApplication.java. Using fallback presentation compiler.[0m
2026.05.03 01:27:16 INFO  no build target found for /Users/barrysalam/Desktop/student-microservices/eureka-server/src/main/java/com/studentmicroservices/eurekaserver/EurekaServerApplication.java. Using fallback presentation compiler.[0m
2026.05.03 01:27:16 INFO  no build target found for /Users/barrysalam/Desktop/student-microservices/eureka-server/src/main/java/com/studentmicroservices/eurekaserver/EurekaServerApplication.java. Using fallback presentation compiler.[0m
2026.05.03 01:27:16 INFO  no build target found for /Users/barrysalam/Desktop/student-microservices/eureka-server/src/main/java/com/studentmicroservices/eurekaserver/EurekaServerApplication.java. Using fallback presentation compiler.[0m
2026.05.03 01:27:16 INFO  no build target found for /Users/barrysalam/Desktop/student-microservices/eureka-server/src/main/java/com/studentmicroservices/eurekaserver/EurekaServerApplication.java. Using fallback presentation compiler.[0m
mai 03, 2026 1:27:17 AM org.eclipse.lsp4j.jsonrpc.RemoteEndpoint handleCancellation
AVERTISSEMENT: Unmatched cancel notification for request id 15
2026.05.03 01:27:16 INFO  no build target found for /Users/barrysalam/Desktop/student-microservices/eureka-server/src/main/java/com/studentmicroservices/eurekaserver/EurekaServerApplication.java. Using fallback presentation compiler.[0m
mai 03, 2026 1:27:19 AM org.eclipse.lsp4j.jsonrpc.RemoteEndpoint handleCancellation
AVERTISSEMENT: Unmatched cancel notification for request id 16
2026.05.03 01:27:25 WARN  no build target for: /Users/barrysalam/Desktop/student-microservices/eureka-server/src/main/java/com/studentmicroservices/eurekaserver/EurekaServerApplication.java[0m
2026.05.03 01:27:26 INFO  no build target found for /Users/barrysalam/Desktop/student-microservices/eureka-server/src/main/java/com/studentmicroservices/eurekaserver/EurekaServerApplication.java. Using fallback presentation compiler.[0m
mai 03, 2026 1:27:26 AM org.eclipse.lsp4j.jsonrpc.RemoteEndpoint handleCancellation
AVERTISSEMENT: Unmatched cancel notification for request id 19
mai 03, 2026 1:27:26 AM org.eclipse.lsp4j.jsonrpc.RemoteEndpoint handleCancellation
AVERTISSEMENT: Unmatched cancel notification for request id 21
mai 03, 2026 1:27:26 AM org.eclipse.lsp4j.jsonrpc.RemoteEndpoint handleCancellation
AVERTISSEMENT: Unmatched cancel notification for request id 23
2026.05.03 01:27:26 INFO  no build target found for /Users/barrysalam/Desktop/student-microservices/eureka-server/src/main/java/com/studentmicroservices/eurekaserver/EurekaServerApplication.java. Using fallback presentation compiler.[0m
2026.05.03 01:29:21 INFO  no build target found for /Users/barrysalam/Desktop/student-microservices/eureka-server/src/main/java/com/studentmicroservices/eurekaserver/EurekaServerApplication.java. Using fallback presentation compiler.[0m
2026.05.03 01:29:42 WARN  no build target for: /Users/barrysalam/Desktop/student-microservices/eureka-server/src/main/java/com/studentmicroservices/eurekaserver/EurekaServerApplication.java[0m
2026.05.03 01:53:28 INFO  no build target found for /Users/barrysalam/Desktop/student-microservices/eureka-server/src/main/java/com/studentmicroservices/eurekaserver/EurekaServerApplication.java. Using fallback presentation compiler.[0m
mai 03, 2026 1:53:42 AM org.eclipse.lsp4j.jsonrpc.RemoteEndpoint handleCancellation
AVERTISSEMENT: Unmatched cancel notification for request id 30
2026.05.03 01:57:37 INFO  no build target found for /Users/barrysalam/Desktop/student-microservices/eureka-server/src/main/java/com/studentmicroservices/eurekaserver/EurekaServerApplication.java. Using fallback presentation compiler.[0m
2026.05.03 14:53:32 INFO  Shutting down server[0m
2026.05.03 14:53:32 INFO  Memory monitor stopped[0m
2026.05.03 14:53:32 INFO  shutting down Metals[0m
2026.05.03 14:59:53 INFO  Started: Metals version 1.6.7 in folders '/Users/barrysalam/Desktop/student-microservices' for client Visual Studio Code 1.108.2.
2026.05.03 14:59:53 INFO  Memory monitor started
2026.05.03 14:59:57 WARN  Using H2 2.4.240 which is newer than the version Flyway has been verified with. The latest verified version of H2 is 2.3.232.
2026.05.03 14:59:57 INFO  no build target found for /Users/barrysalam/Desktop/student-microservices/eureka-server/src/main/java/com/studentmicroservices/eurekaserver/EurekaServerApplication.java. Using fallback presentation compiler.
mai 03, 2026 3:00:00 PM org.eclipse.lsp4j.jsonrpc.RemoteEndpoint handleCancellation
AVERTISSEMENT: Unmatched cancel notification for request id 1
2026.05.03 15:00:00 INFO  no build target found for /Users/barrysalam/Desktop/student-microservices/eureka-server/src/main/java/com/studentmicroservices/eurekaserver/EurekaServerApplication.java. Using fallback presentation compiler.
mai 03, 2026 3:00:00 PM org.eclipse.lsp4j.jsonrpc.RemoteEndpoint handleCancellation
AVERTISSEMENT: Unmatched cancel notification for request id 2
mai 03, 2026 3:03:20 PM org.eclipse.lsp4j.jsonrpc.services.GenericEndpoint notify
INFOS: Unsupported notification method: $/setTrace
2026.05.03 15:03:30 INFO  no build target found for /Users/barrysalam/Desktop/student-microservices/eureka-server/src/test/java/com/studentmicroservices/eurekaserver/EurekaServerApplicationTests.java. Using fallback presentation compiler.
2026.05.03 15:34:15 INFO  no build target found for /Users/barrysalam/Desktop/student-microservices/eureka-server/src/main/java/com/studentmicroservices/eurekaserver/EurekaServerApplication.java. Using fallback presentation compiler.
2026.05.03 15:34:15 INFO  no build target found for /Users/barrysalam/Desktop/student-microservices/eureka-server/src/main/java/com/studentmicroservices/eurekaserver/EurekaServerApplication.java. Using fallback presentation compiler.
mai 03, 2026 3:47:15 PM org.eclipse.lsp4j.jsonrpc.services.GenericEndpoint notify
INFOS: Unsupported notification method: $/setTrace
mai 03, 2026 4:00:15 PM org.eclipse.lsp4j.jsonrpc.services.GenericEndpoint notify
INFOS: Unsupported notification method: $/setTrace
mai 03, 2026 4:12:15 PM org.eclipse.lsp4j.jsonrpc.services.GenericEndpoint notify
INFOS: Unsupported notification method: $/setTrace
mai 03, 2026 4:14:15 PM org.eclipse.lsp4j.jsonrpc.services.GenericEndpoint notify
INFOS: Unsupported notification method: $/setTrace
mai 03, 2026 4:16:16 PM org.eclipse.lsp4j.jsonrpc.services.GenericEndpoint notify
INFOS: Unsupported notification method: $/setTrace
2026.05.03 16:16:16 INFO  no build target found for /Users/barrysalam/Desktop/student-microservices/eureka-server/src/main/java/com/studentmicroservices/eurekaserver/EurekaServerApplication.java. Using fallback presentation compiler.
2026.05.03 23:46:34 INFO  no build target found for /Users/barrysalam/Desktop/student-microservices/eureka-server/src/main/java/com/studentmicroservices/eurekaserver/EurekaServerApplication.java. Using fallback presentation compiler.
2026.05.03 23:47:02 INFO  no build target found for /Users/barrysalam/Desktop/student-microservices/eureka-server/src/main/java/com/studentmicroservices/eurekaserver/EurekaServerApplication.java. Using fallback presentation compiler.
2026.05.03 23:47:02 INFO  no build target found for /Users/barrysalam/Desktop/student-microservices/eureka-server/src/main/java/com/studentmicroservices/eurekaserver/EurekaServerApplication.java. Using fallback presentation compiler.
2026.05.03 23:47:06 INFO  no build target found for /Users/barrysalam/Desktop/student-microservices/eureka-server/src/main/java/com/studentmicroservices/eurekaserver/EurekaServerApplication.java. Using fallback presentation compiler.
2026.05.03 23:51:57 INFO  no build target found for /Users/barrysalam/Desktop/student-microservices/eureka-server/src/main/java/com/studentmicroservices/eurekaserver/EurekaServerApplication.java. Using fallback presentation compiler.
2026.05.03 23:51:57 INFO  no build target found for /Users/barrysalam/Desktop/student-microservices/eureka-server/src/main/java/com/studentmicroservices/eurekaserver/EurekaServerApplication.java. Using fallback presentation compiler.
2026.05.03 23:51:57 INFO  no build target found for /Users/barrysalam/Desktop/student-microservices/eureka-server/src/main/java/com/studentmicroservices/eurekaserver/EurekaServerApplication.java. Using fallback presentation compiler.
2026.05.03 23:51:57 INFO  no build target found for /Users/barrysalam/Desktop/student-microservices/eureka-server/src/main/java/com/studentmicroservices/eurekaserver/EurekaServerApplication.java. Using fallback presentation compiler.
mai 03, 2026 11:51:57 PM org.eclipse.lsp4j.jsonrpc.RemoteEndpoint handleCancellation
AVERTISSEMENT: Unmatched cancel notification for request id 81
mai 03, 2026 11:51:57 PM org.eclipse.lsp4j.jsonrpc.RemoteEndpoint handleCancellation
AVERTISSEMENT: Unmatched cancel notification for request id 82
